00:13:48 **** Incremental Build of configuration Debug for project hello_test ****
make all 
Building file: ../application/main.c
Invoking: GNU RISC-V Cross C Compiler
riscv-nuclei-elf-gcc -march=rv32imac -mabi=ilp32 -mcmodel=medany -mno-save-restore -O2 -ffunction-sections -fdata-sections -fno-common  -g -D__IDE_RV_CORE=null -DSOC_HBIRD -DDOWNLOAD_MODE=DOWNLOAD_MODE_ILM -DDOWNLOAD_MODE_STRING=\"ILM\" -DBOARD_DDR200T -I"C:\Users\bing\Desktop\E203_P1\SDK\hello_test\hbird_sdk\NMSIS\Core\Include" -I"C:\Users\bing\Desktop\E203_P1\SDK\hello_test\hbird_sdk\SoC\hbirdv2\Common\Include" -I"C:\Users\bing\Desktop\E203_P1\SDK\hello_test\hbird_sdk\SoC\hbirdv2\Board\ddr200t\Include" -I"C:\Users\bing\Desktop\E203_P1\SDK\hello_test\application" -std=gnu11 -MMD -MP -MF"application/main.d" -MT"application/main.o" -c -o "application/main.o" "../application/main.c"
Finished building: ../application/main.c
 
Building target: hello_test.elf
Invoking: GNU RISC-V Cross C++ Linker
riscv-nuclei-elf-g++ -march=rv32imac -mabi=ilp32 -mcmodel=medany -mno-save-restore -O2 -ffunction-sections -fdata-sections -fno-common  -g -T "C:\Users\bing\Desktop\E203_P1\SDK\hello_test\hbird_sdk\SoC\hbirdv2\Board\ddr200t\Source\GCC\gcc_hbirdv2_ilm.ld" -nostartfiles -Xlinker --gc-sections -Wl,-Map,"hello_test.map" --specs=nano.specs --specs=nosys.specs -u _isatty -u _write -u _sbrk -u _read -u _close -u _fstat -u _lseek -o "hello_test.elf"  ./hbird_sdk/SoC/hbirdv2/Common/Source/Stubs/clock_getres.o ./hbird_sdk/SoC/hbirdv2/Common/Source/Stubs/clock_gettime.o ./hbird_sdk/SoC/hbirdv2/Common/Source/Stubs/clock_settime.o ./hbird_sdk/SoC/hbirdv2/Common/Source/Stubs/close.o ./hbird_sdk/SoC/hbirdv2/Common/Source/Stubs/execve.o ./hbird_sdk/SoC/hbirdv2/Common/Source/Stubs/exit.o ./hbird_sdk/SoC/hbirdv2/Common/Source/Stubs/fork.o ./hbird_sdk/SoC/hbirdv2/Common/Source/Stubs/fstat.o ./hbird_sdk/SoC/hbirdv2/Common/Source/Stubs/getpid.o ./hbird_sdk/SoC/hbirdv2/Common/Source/Stubs/gettimeofday.o ./hbird_sdk/SoC/hbirdv2/Common/Source/Stubs/isatty.o ./hbird_sdk/SoC/hbirdv2/Common/Source/Stubs/kill.o ./hbird_sdk/SoC/hbirdv2/Common/Source/Stubs/link.o ./hbird_sdk/SoC/hbirdv2/Common/Source/Stubs/lseek.o ./hbird_sdk/SoC/hbirdv2/Common/Source/Stubs/open.o ./hbird_sdk/SoC/hbirdv2/Common/Source/Stubs/read.o ./hbird_sdk/SoC/hbirdv2/Common/Source/Stubs/sbrk.o ./hbird_sdk/SoC/hbirdv2/Common/Source/Stubs/stat.o ./hbird_sdk/SoC/hbirdv2/Common/Source/Stubs/times.o ./hbird_sdk/SoC/hbirdv2/Common/Source/Stubs/unlink.o ./hbird_sdk/SoC/hbirdv2/Common/Source/Stubs/wait.o ./hbird_sdk/SoC/hbirdv2/Common/Source/Stubs/write.o  ./hbird_sdk/SoC/hbirdv2/Common/Source/GCC/intexc_hbirdv2.o ./hbird_sdk/SoC/hbirdv2/Common/Source/GCC/startup_hbirdv2.o  ./hbird_sdk/SoC/hbirdv2/Common/Source/Drivers/hbirdv2_gpio.o ./hbird_sdk/SoC/hbirdv2/Common/Source/Drivers/hbirdv2_i2c.o ./hbird_sdk/SoC/hbirdv2/Common/Source/Drivers/hbirdv2_pwm.o ./hbird_sdk/SoC/hbirdv2/Common/Source/Drivers/hbirdv2_spi.o ./hbird_sdk/SoC/hbirdv2/Common/Source/Drivers/hbirdv2_uart.o ./hbird_sdk/SoC/hbirdv2/Common/Source/Drivers/htif.o  ./hbird_sdk/SoC/hbirdv2/Common/Source/hbirdv2_common.o ./hbird_sdk/SoC/hbirdv2/Common/Source/system_hbirdv2.o  ./application/main.o   
Finished building target: hello_test.elf
 
C:/Users/bing/Desktop/E203_P1/NucleiStudio/toolchain/build-tools/bin/make --no-print-directory post-build
riscv-nuclei-elf-objcopy -O verilog "hello_test.elf" "hello_test.verilog";sed -i 's/@800/@000/g' "hello_test.verilog"; sed -i 's/@00002FB8/@00002000/g' "hello_test.verilog";
 
Invoking: GNU RISC-V Cross Create Flash Image
riscv-nuclei-elf-objcopy -O ihex "hello_test.elf"  "hello_test.hex"
Finished building: hello_test.hex
 
Invoking: GNU RISC-V Cross Create Listing
riscv-nuclei-elf-objdump --source --all-headers --demangle --line-numbers --wide "hello_test.elf" > "hello_test.lst"
Finished building: hello_test.lst
 
Invoking: GNU RISC-V Cross Print Size
riscv-nuclei-elf-size --format=berkeley "hello_test.elf"
   text	   data	    bss	    dec	    hex	filename
   7860	    116	   2356	  10332	   285c	hello_test.elf
Finished building: hello_test.siz
 
00:13:59 **** Incremental Build of configuration Debug for project hello_test ****
make all 
Invoking: GNU RISC-V Cross Print Size
riscv-nuclei-elf-size --format=berkeley "hello_test.elf"
   text	   data	    bss	    dec	    hex	filename
   7860	    116	   2356	  10332	   285c	hello_test.elf
Finished building: hello_test.siz
 
00:14:02 **** Incremental Build of configuration Debug for project hello_test ****
make all 
Invoking: GNU RISC-V Cross Print Size
riscv-nuclei-elf-size --format=berkeley "hello_test.elf"
   text	   data	    bss	    dec	    hex	filename
   7860	    116	   2356	  10332	   285c	hello_test.elf
Finished building: hello_test.siz
 
